  Determining projects to restore...
  Restored /app/src/LdswScraper/LdswScraper.csproj (in 593 ms).
  Restored /app/src/LdswScraper.Tests/LdswScraper.Tests.csproj (in 593 ms).
  LdswScraper -> /app/src/LdswScraper/bin/Debug/net9.0/LdswScraper.dll
  LdswScraper.Tests -> /app/src/LdswScraper.Tests/bin/Debug/net9.0/LdswScraper.Tests.dll
Test run for /app/src/LdswScraper.Tests/bin/Debug/net9.0/LdswScraper.Tests.dll (.NETCoreApp,Version=v9.0)
VSTest version 17.14.1 (x64)

Starting test execution, please wait...
A total of 1 test files matched the specified pattern.

Passed!  - Failed:     0, Passed:     6, Skipped:     0, Total:     6, Duration: 113 ms - LdswScraper.Tests.dll (net9.0)
